// Jest Snapshot v1, https://goo.gl/fbAQLP

exports[`Testing MarketsComparator Scene 1`] = `
<div
  className="loading-container"
>
  <span
    style={
      Object {
        "display": "inherit",
      }
    }
  >
    <span
      style={
        Object {
          "animation": "react-spinners-BeatLoader-beat 0.7s 0s infinite linear",
          "animationFillMode": "both",
          "backgroundColor": "#007bff",
          "borderRadius": "100%",
          "display": "inline-block",
          "height": "15px",
          "margin": "2px",
          "width": "15px",
        }
      }
    />
    <span
      style={
        Object {
          "animation": "react-spinners-BeatLoader-beat 0.7s 0.35s infinite linear",
          "animationFillMode": "both",
          "backgroundColor": "#007bff",
          "borderRadius": "100%",
          "display": "inline-block",
          "height": "15px",
          "margin": "2px",
          "width": "15px",
        }
      }
    />
    <span
      style={
        Object {
          "animation": "react-spinners-BeatLoader-beat 0.7s 0s infinite linear",
          "animationFillMode": "both",
          "backgroundColor": "#007bff",
          "borderRadius": "100%",
          "display": "inline-block",
          "height": "15px",
          "margin": "2px",
          "width": "15px",
        }
      }
    />
  </span>
  <button
    className="button-go-back"
    onClick={[Function]}
  >
    Go back
  </button>
</div>
`;
